Job ID: 55746105 (array 55746105_1)
Host: nid001481
PWD: /pscratch/sd/e/epaul/research/20260313_precise_QA_opt_example
Output dir: scan_runs/iota_scan62_20260710_nfp2_AR3p5_iota058_noTR_baseline/job_001_nfp2_QA_AR3p5_iota0p58_stab_trw0p0_qsw5p0_pq8_eta40_100it
CUDA_VISIBLE_DEVICES=0,1,2,3
Config: {"target_nfp": 2, "target_aspect_ratio": 3.5, "helicity_m": 1, "helicity_n": 0, "iota_target": -0.58, "aspect_ratio_bounds_low": 3.3, "aspect_ratio_bounds_high": 3.7, "qs_max_norm": 0.2, "qs_norm_psi_r": true, "continuation_stages": [0.3, 0.2], "qs_continuation_k1_only": true, "qs_weight": 5.0, "iota_weight": 50.0, "aspect_ratio_weight": 50.0, "trapped_res_weight": 0.0, "tr_num_transit": 5, "tr_num_rho": 80, "tr_num_eta": 40, "tr_num_pitch": 80, "tr_num_quad": 24, "tr_knots_per_transit": 50, "tr_weight_method": "linear", "tr_delta_omega": 0.25, "tr_stab_sacrifice": true, "tr_jac_chunk_size": 2, "tr_log_transform": false, "tr_p_max": 8, "tr_q_max": 8, "outer_ftol": 1e-10, "outer_xtol": 1e-10, "outer_gtol": 1e-08, "outer_maxiter": 100, "outer_maxiter_final": 100, "initial_trust_radius": 1.0, "solve_ftol": 0.005, "solve_xtol": 1e-06, "solve_gtol": 1e-06, "perturb_order": 2, "k_max": 4, "seed_3d_scale": 0.01, "constraint_qs_max": 0.25, "constraint_aspect_max": 10.0, "x_scale": "ess", "ess_alpha": 1.2, "ess_order": Infinity, "ess_min_value": 1e-07}
Args: {'run_id': 'nfp2_QA_AR3p5_iota0p58_stab_trw0p0_qsw5p0_pq8_eta40_100it', 'device': 'gpu', 'reference': 'wout_new_QA_aScaling_desc.h5', 'output_dir': 'scan_runs/iota_scan62_20260710_nfp2_AR3p5_iota058_noTR_baseline/job_001_nfp2_QA_AR3p5_iota0p58_stab_trw0p0_qsw5p0_pq8_eta40_100it', 'checkpoint': None, 'k_start': 1, 'continuation_verbose': 2, 'target_aspect_ratio': 3.5, 'target_nfp': 2, 'seed_3d_scale': 0.01, 'iota_target': -0.58, 'iota_bounds_low': None, 'iota_bounds_high': None, 'aspect_ratio_bounds_low': 3.3, 'aspect_ratio_bounds_high': 3.7, 'mirror_bounds_low': None, 'mirror_bounds_high': None, 'qs_max_norm': 0.2, 'qs_rho_grid': [0.25, 0.5, 0.75, 1.0], 'qs_norm_psi_r': True, 'qs_boozer': False, 'bmin_variance_weight': 0.0, 'bmin_num_field_lines': 16, 'bmin_num_transit': 2, 'bmin_num_zeta': 100, 'bmin_use_softmin': True, 'bmin_softmin_alpha': 50.0, 'continuation_stages': [0.3, 0.2], 'qs_continuation_k1_only': True, 'x_scale': 'ess', 'ess_alpha': 1.2, 'ess_order': inf, 'ess_min_value': 1e-07, 'helicity_m': 1, 'helicity_n': 0, 'iota_weight': 50.0, 'qs_weight': 5.0, 'aspect_ratio_weight': 50.0, 'mirror_ratio_weight': 5.0, 'trapped_res_weight': 0.0, 'outer_ftol': 1e-10, 'outer_xtol': 1e-10, 'outer_gtol': 1e-08, 'outer_maxiter': 100, 'outer_maxiter_final': 100, 'initial_trust_radius': 1.0, 'solve_ftol': 0.005, 'solve_xtol': 1e-06, 'solve_gtol': 1e-06, 'perturb_order': 2, 'k_max': 4, 'constraint_qs_max': 0.25, 'constraint_iota_min': 0.42, 'constraint_aspect_max': 10.0, 'tr_num_transit': 5, 'tr_num_well': 1, 'diag_tr_num_transit': None, 'diag_tr_num_well': None, 'tr_weight_method': 'linear', 'tr_delta_omega': 0.25, 'tr_stab_sacrifice': True, 'tr_num_rho': 80, 'tr_num_eta': 40, 'tr_num_pitch': 80, 'tr_num_quad': 24, 'tr_knots_per_transit': 50, 'tr_jac_chunk_size': 2, 'tr_log_transform': False, 'tr_p_max': 8, 'tr_q_max': 8, 'tr_weight_schedule': [], 'tr_transit_schedule': [], 'tr_well_schedule': [], 'tr_continuation_stages': [], 'dry_run': False}
================
Step 1
================
Spectral indexing: ansi
Spectral resolution (L,M,N)=(4,4,0)
Node resolution (L,M,N)=(8,8,0)
Boundary ratio = 0
Pressure ratio = 0
Current ratio = 1
Perturbation Order = 2
Objective: force
Optimizer: lsq-exact
================
Building objective: force
Precomputing transforms
Timer: Precomputing transforms = 754 ms
Timer: Objective build = 1.78 sec
Building objective: lcfs R
Building objective: lcfs Z
Building objective: fixed Psi
Building objective: fixed pressure
Building objective: fixed current
Building objective: fixed sheet current
Building objective: self_consistency R
Building objective: self_consistency Z
Building objective: lambda gauge
Building objective: axis R self consistency
Building objective: axis Z self consistency
Timer: Objective build = 615 ms
Timer: LinearConstraintProjection build = 4.45 sec
Number of parameters: 12
Number of objectives: 50
Timer: Initializing the optimization = 6.91 sec

Starting optimization
Using method: lsq-exact
   Iteration     Total nfev        Cost      Cost reduction    Step norm     Optimality   
       0              1          7.392e-02                                    3.557e-01   
       1              2          6.999e-03      6.692e-02      2.834e-01      9.100e-02   
       2              3          3.432e-05      6.965e-03      1.203e-01      5.946e-03   
       3              4          2.156e-06      3.216e-05      1.031e-01      1.644e-03   
       4              5          7.285e-08      2.084e-06      3.977e-02      2.531e-04   
       5              8          6.919e-09      6.594e-08      2.427e-02      6.533e-05   
       6              9          6.835e-09      8.360e-11      4.878e-02      7.606e-05   
       7             10          2.726e-09      4.109e-09      1.221e-02      4.811e-06   
       8             12          2.669e-09      5.701e-11      6.098e-03      1.192e-06   
       9             13          2.604e-09      6.471e-11      1.220e-02      4.658e-06   
      10             15          2.552e-09      5.211e-11      6.100e-03      1.200e-06   
      11             16          2.496e-09      5.566e-11      1.221e-02      4.715e-06   
      12             18          2.448e-09      4.796e-11      6.102e-03      1.218e-06   
      13             19          2.402e-09      4.632e-11      1.222e-02      4.779e-06   
      14             20          2.347e-09      5.486e-11      1.221e-02      4.867e-06   
      15             22          2.306e-09      4.110e-11      6.104e-03      1.256e-06   
      16             23          2.276e-09      2.995e-11      1.222e-02      4.904e-06   
      17             24          2.238e-09      3.861e-11      1.222e-02      5.012e-06   
      18             25          2.206e-09      3.215e-11      1.222e-02      5.085e-06   
      19             26          2.180e-09      2.521e-11      1.223e-02      5.162e-06   
      20             27          2.162e-09      1.807e-11      1.223e-02      5.247e-06   
Optimization terminated successfully.
`ftol` condition satisfied. (ftol=1.00e-02)
         Current function value: 2.162e-09
         Total delta_x: 2.492e-01
         Iterations: 20
         Function evaluations: 27
         Jacobian evaluations: 21
Timer: Solution time = 24.4 sec
Timer: Avg time per step = 1.16 sec
==============================================================================================================
                                                                 Start  -->   End
Total (sum of squares):                                      7.392e-02  -->   2.162e-09, 
Maximum absolute Force error:                                1.137e+08  -->   7.344e+04 (N)
Minimum absolute Force error:                                7.184e-09  -->   2.961e+01 (N)
Average absolute Force error:                                3.740e+07  -->   5.935e+03 (N)
Maximum absolute Force error:                                1.779e-02  -->   1.149e-05 (normalized)
Minimum absolute Force error:                                1.124e-18  -->   4.631e-09 (normalized)
Average absolute Force error:                                5.851e-03  -->   9.284e-07 (normalized)
R boundary error:                                            0.000e+00  -->   0.000e+00 (m)
Z boundary error:                                            0.000e+00  -->   0.000e+00 (m)
Fixed Psi error:                                             0.000e+00  -->   0.000e+00 (Wb)
Fixed pressure profile error:                                0.000e+00  -->   0.000e+00 (Pa)
Fixed current profile error:                                 0.000e+00  -->   0.000e+00 (A)
Fixed sheet current error:                                   0.000e+00  -->   0.000e+00 (~)
==============================================================================================================

Timer: Iteration 1 total = 33.8 sec
================
Step 2
================
Spectral indexing: ansi
Spectral resolution (L,M,N)=(4,4,4)
Node resolution (L,M,N)=(8,8,8)
Boundary ratio = 0.25
Pressure ratio = 1
Current ratio = 1
Perturbation Order = 2
Objective: force
Optimizer: lsq-exact
================
Building objective: force
Precomputing transforms
Timer: Precomputing transforms = 803 ms
Timer: Objective build = 980 ms
Building objective: lcfs R
Building objective: lcfs Z
Building objective: fixed Psi
Building objective: fixed pressure
Building objective: fixed current
Building objective: fixed sheet current
Building objective: self_consistency R
Building objective: self_consistency Z
Building objective: lambda gauge
Building objective: axis R self consistency
Building objective: axis Z self consistency
Timer: Objective build = 554 ms
Timer: LinearConstraintProjection build = 4.31 sec
Number of parameters: 120
Number of objectives: 850
Timer: Initializing the optimization = 5.93 sec

Starting optimization
Using method: lsq-exact
   Iteration     Total nfev        Cost      Cost reduction    Step norm     Optimality   
       0              1          2.162e-09                                    5.503e-06   
       1              3          2.149e-09      1.299e-11      1.182e-02      5.229e-06   
Optimization terminated successfully.
`ftol` condition satisfied. (ftol=1.00e-02)
         Current function value: 2.149e-09
         Total delta_x: 1.182e-02
         Iterations: 1
         Function evaluations: 3
         Jacobian evaluations: 2
Timer: Solution time = 27.0 sec
Timer: Avg time per step = 13.5 sec
==============================================================================================================
                                                                 Start  -->   End
Total (sum of squares):                                      2.162e-09  -->   2.149e-09, 
Maximum absolute Force error:                                7.344e+04  -->   7.433e+04 (N)
Minimum absolute Force error:                                2.961e+01  -->   1.703e+01 (N)
Average absolute Force error:                                5.935e+03  -->   5.903e+03 (N)
Maximum absolute Force error:                                1.149e-05  -->   1.163e-05 (normalized)
Minimum absolute Force error:                                4.631e-09  -->   2.664e-09 (normalized)
Average absolute Force error:                                9.284e-07  -->   9.234e-07 (normalized)
R boundary error:                                            0.000e+00  -->   0.000e+00 (m)
Z boundary error:                                            0.000e+00  -->   0.000e+00 (m)
Fixed Psi error:                                             0.000e+00  -->   0.000e+00 (Wb)
Fixed pressure profile error:                                0.000e+00  -->   0.000e+00 (Pa)
Fixed current profile error:                                 0.000e+00  -->   0.000e+00 (A)
Fixed sheet current error:                                   0.000e+00  -->   0.000e+00 (~)
==============================================================================================================

Timer: Iteration 2 total = 34.4 sec
================
Step 3
================
Spectral indexing: ansi
Spectral resolution (L,M,N)=(4,4,4)
Node resolution (L,M,N)=(8,8,8)
Boundary ratio = 0.5
Pressure ratio = 1
Current ratio = 1
Perturbation Order = 2
Objective: force
Optimizer: lsq-exact
================
Building objective: force
Precomputing transforms
Timer: Precomputing transforms = 94.7 ms
Timer: Objective build = 107 ms
Building objective: lcfs R
Building objective: lcfs Z
Building objective: fixed Psi
Building objective: fixed pressure
Building objective: fixed current
Building objective: fixed sheet current
Building objective: self_consistency R
Building objective: self_consistency Z
Building objective: lambda gauge
Building objective: axis R self consistency
Building objective: axis Z self consistency
Timer: Objective build = 155 ms
Timer: LinearConstraintProjection build = 72.5 ms
Number of parameters: 120
Number of objectives: 850
Timer: Initializing the optimization = 336 ms

Starting optimization
Using method: lsq-exact
   Iteration     Total nfev        Cost      Cost reduction    Step norm     Optimality   
       0              1          2.149e-09                                    5.229e-06   
       1              3          2.130e-09      1.927e-11      5.720e-03      1.306e-06   
Optimization terminated successfully.
`ftol` condition satisfied. (ftol=1.00e-02)
         Current function value: 2.130e-09
         Total delta_x: 5.720e-03
         Iterations: 1
         Function evaluations: 3
         Jacobian evaluations: 2
Timer: Solution time = 52.0 ms
Timer: Avg time per step = 26.0 ms
==============================================================================================================
                                                                 Start  -->   End
Total (sum of squares):                                      2.149e-09  -->   2.130e-09, 
Maximum absolute Force error:                                7.433e+04  -->   7.415e+04 (N)
Minimum absolute Force error:                                1.703e+01  -->   8.950e+01 (N)
Average absolute Force error:                                5.903e+03  -->   5.914e+03 (N)
Maximum absolute Force error:                                1.163e-05  -->   1.160e-05 (normalized)
Minimum absolute Force error:                                2.664e-09  -->   1.400e-08 (normalized)
Average absolute Force error:                                9.234e-07  -->   9.251e-07 (normalized)
R boundary error:                                            0.000e+00  -->   0.000e+00 (m)
Z boundary error:                                            0.000e+00  -->   0.000e+00 (m)
Fixed Psi error:                                             0.000e+00  -->   0.000e+00 (Wb)
Fixed pressure profile error:                                0.000e+00  -->   0.000e+00 (Pa)
Fixed current profile error:                                 0.000e+00  -->   0.000e+00 (A)
Fixed sheet current error:                                   0.000e+00  -->   0.000e+00 (~)
==============================================================================================================

Timer: Iteration 3 total = 603 ms
================
Step 4
================
Spectral indexing: ansi
Spectral resolution (L,M,N)=(4,4,4)
Node resolution (L,M,N)=(8,8,8)
Boundary ratio = 0.75
Pressure ratio = 1
Current ratio = 1
Perturbation Order = 2
Objective: force
Optimizer: lsq-exact
================
Building objective: force
Precomputing transforms
Timer: Precomputing transforms = 94.5 ms
Timer: Objective build = 105 ms
Building objective: lcfs R
Building objective: lcfs Z
Building objective: fixed Psi
Building objective: fixed pressure
Building objective: fixed current
Building objective: fixed sheet current
Building objective: self_consistency R
Building objective: self_consistency Z
Building objective: lambda gauge
Building objective: axis R self consistency
Building objective: axis Z self consistency
Timer: Objective build = 146 ms
Timer: LinearConstraintProjection build = 69.0 ms
Number of parameters: 120
Number of objectives: 850
Timer: Initializing the optimization = 321 ms

Starting optimization
Using method: lsq-exact
   Iteration     Total nfev        Cost      Cost reduction    Step norm     Optimality   
       0              1          2.130e-09                                    1.306e-06   
       1              3          2.128e-09      1.961e-12      3.285e-03      4.312e-07   
Optimization terminated successfully.
`ftol` condition satisfied. (ftol=1.00e-02)
         Current function value: 2.128e-09
         Total delta_x: 3.285e-03
         Iterations: 1
         Function evaluations: 3
         Jacobian evaluations: 2
Timer: Solution time = 47.3 ms
Timer: Avg time per step = 23.6 ms
==============================================================================================================
                                                                 Start  -->   End
Total (sum of squares):                                      2.130e-09  -->   2.128e-09, 
Maximum absolute Force error:                                7.415e+04  -->   7.431e+04 (N)
Minimum absolute Force error:                                8.950e+01  -->   1.504e+02 (N)
Average absolute Force error:                                5.914e+03  -->   5.919e+03 (N)
Maximum absolute Force error:                                1.160e-05  -->   1.162e-05 (normalized)
Minimum absolute Force error:                                1.400e-08  -->   2.353e-08 (normalized)
Average absolute Force error:                                9.251e-07  -->   9.258e-07 (normalized)
R boundary error:                                            0.000e+00  -->   0.000e+00 (m)
Z boundary error:                                            0.000e+00  -->   0.000e+00 (m)
Fixed Psi error:                                             0.000e+00  -->   0.000e+00 (Wb)
Fixed pressure profile error:                                0.000e+00  -->   0.000e+00 (Pa)
Fixed current profile error:                                 0.000e+00  -->   0.000e+00 (A)
Fixed sheet current error:                                   0.000e+00  -->   0.000e+00 (~)
==============================================================================================================

Timer: Iteration 4 total = 578 ms
================
Step 5
================
Spectral indexing: ansi
Spectral resolution (L,M,N)=(4,4,4)
Node resolution (L,M,N)=(8,8,8)
Boundary ratio = 1.0
Pressure ratio = 1
Current ratio = 1
Perturbation Order = 2
Objective: force
Optimizer: lsq-exact
================
Building objective: force
Precomputing transforms
Timer: Precomputing transforms = 93.5 ms
Timer: Objective build = 104 ms
Building objective: lcfs R
Building objective: lcfs Z
Building objective: fixed Psi
Building objective: fixed pressure
Building objective: fixed current
Building objective: fixed sheet current
Building objective: self_consistency R
Building objective: self_consistency Z
Building objective: lambda gauge
Building objective: axis R self consistency
Building objective: axis Z self consistency
Timer: Objective build = 142 ms
Timer: LinearConstraintProjection build = 66.9 ms
Number of parameters: 120
Number of objectives: 850
Timer: Initializing the optimization = 314 ms

Starting optimization
Using method: lsq-exact
   Iteration     Total nfev        Cost      Cost reduction    Step norm     Optimality   
       0              1          2.128e-09                                    4.312e-07   
       1              3          2.128e-09      4.227e-13      1.778e-03      1.278e-07   
Optimization terminated successfully.
`ftol` condition satisfied. (ftol=1.00e-02)
         Current function value: 2.128e-09
         Total delta_x: 1.778e-03
         Iterations: 1
         Function evaluations: 3
         Jacobian evaluations: 2
Timer: Solution time = 46.4 ms
Timer: Avg time per step = 23.2 ms
==============================================================================================================
                                                                 Start  -->   End
Total (sum of squares):                                      2.128e-09  -->   2.128e-09, 
Maximum absolute Force error:                                7.431e+04  -->   7.442e+04 (N)
Minimum absolute Force error:                                1.504e+02  -->   1.509e+02 (N)
Average absolute Force error:                                5.919e+03  -->   5.920e+03 (N)
Maximum absolute Force error:                                1.162e-05  -->   1.164e-05 (normalized)
Minimum absolute Force error:                                2.353e-08  -->   2.360e-08 (normalized)
Average absolute Force error:                                9.258e-07  -->   9.261e-07 (normalized)
R boundary error:                                            0.000e+00  -->   0.000e+00 (m)
Z boundary error:                                            0.000e+00  -->   0.000e+00 (m)
Fixed Psi error:                                             0.000e+00  -->   0.000e+00 (Wb)
Fixed pressure profile error:                                0.000e+00  -->   0.000e+00 (Pa)
Fixed current profile error:                                 0.000e+00  -->   0.000e+00 (A)
Fixed sheet current error:                                   0.000e+00  -->   0.000e+00 (~)
==============================================================================================================

Timer: Iteration 5 total = 571 ms
====================
Done
Timer: Total time = 1.32 min
====================
Cold-start: NFP=2, AR_req=3.5000, AR_after=3.5000, <|B|>_vol_ref=5.8560 T -> achieved=5.8560 T (-0.000%)
NFP=2; QS helicity (M, N_full) = (1, 0) (HELICITY_M=1, HELICITY_N=0 per-FP; QA)
  Seeded 36 3D bdry R_lmn modes from reference at scale 0.01: ||R_lmn_3D||2=2.389e-02, max|.|=1.656e-02
  Seeded 36 3D bdry Z_lmn modes from reference at scale 0.01: ||Z_lmn_3D||2=1.809e-02, max|.|=1.270e-02
  Re-solving seeded equilibrium back onto GS manifold ...
Building objective: force
Precomputing transforms
Timer: Precomputing transforms = 97.8 ms
Timer: Objective build = 110 ms
Building objective: lcfs R
Building objective: lcfs Z
Building objective: fixed Psi
Building objective: fixed pressure
Building objective: fixed current
Building objective: fixed sheet current
Building objective: self_consistency R
Building objective: self_consistency Z
Building objective: lambda gauge
Building objective: axis R self consistency
Building objective: axis Z self consistency
Timer: Objective build = 147 ms
Timer: LinearConstraintProjection build = 70.3 ms
Number of parameters: 120
Number of objectives: 850
Timer: Initializing the optimization = 328 ms

Starting optimization
Using method: lsq-exact
   Iteration     Total nfev        Cost      Cost reduction    Step norm     Optimality   
       0              1          5.115e-03                                    6.745e-02   
       1              2          1.049e-04      5.010e-03      1.570e-01      5.630e-03   
       2              3          8.194e-06      9.670e-05      1.332e-01      1.182e-03   
       3              4          6.144e-07      7.579e-06      7.774e-02      3.225e-04   
       4              5          2.937e-08      5.851e-07      3.094e-02      6.195e-05   
       5              6          2.907e-09      2.646e-08      1.591e-02      1.775e-05   
       6              7          2.605e-09      3.021e-10      2.751e-02      3.602e-05   
       7              8          8.985e-10      1.706e-09      6.686e-03      3.741e-06   
       8              9          8.790e-10      1.954e-11      1.351e-02      9.017e-06   
       9             10          8.462e-10      3.281e-11      1.337e-02      1.007e-05   
      10             11          7.922e-10      5.397e-11      1.335e-02      1.036e-05   
      11             12          7.414e-10      5.081e-11      1.326e-02      1.101e-05   
      12             13          6.865e-10      5.487e-11      1.324e-02      1.217e-05   
      13             14          6.410e-10      4.554e-11      1.316e-02      1.283e-05   
      14             15          4.766e-10      1.643e-10      3.279e-03      4.699e-07   
      15             16          4.618e-10      1.488e-11      6.587e-03      1.975e-06   
      16             18          4.525e-10      9.306e-12      3.285e-03      4.771e-07   
      17             19          4.453e-10      7.186e-12      6.580e-03      1.816e-06   
      18             20          4.393e-10      5.980e-12      6.570e-03      1.733e-06   
      19             22          4.355e-10      3.745e-12      2.613e-03      2.527e-07   
Optimization terminated successfully.
`ftol` condition satisfied. (ftol=1.00e-02)
         Current function value: 4.355e-10
         Total delta_x: 2.732e-01
         Iterations: 19
         Function evaluations: 22
         Jacobian evaluations: 20
Timer: Solution time = 416 ms
Timer: Avg time per step = 20.8 ms
==============================================================================================================
                                                                 Start  -->   End
Total (sum of squares):                                      5.115e-03  -->   4.355e-10, 
Maximum absolute Force error:                                1.667e+08  -->   4.032e+04 (N)
Minimum absolute Force error:                                8.001e+02  -->   7.182e-01 (N)
Average absolute Force error:                                7.510e+06  -->   2.245e+03 (N)
Maximum absolute Force error:                                2.608e-02  -->   6.307e-06 (normalized)
Minimum absolute Force error:                                1.252e-07  -->   1.123e-10 (normalized)
Average absolute Force error:                                1.175e-03  -->   3.512e-07 (normalized)
R boundary error:                                            0.000e+00  -->   4.345e-19 (m)
Z boundary error:                                            0.000e+00  -->   4.337e-19 (m)
Fixed Psi error:                                             0.000e+00  -->   0.000e+00 (Wb)
Fixed pressure profile error:                                0.000e+00  -->   0.000e+00 (Pa)
Fixed current profile error:                                 0.000e+00  -->   0.000e+00 (A)
Fixed sheet current error:                                   0.000e+00  -->   0.000e+00 (~)
==============================================================================================================

    [initial cold-start]
      |F|/F_scale  max=3.999e-07  mean=5.309e-08
      mean(iota)   = -0.000068   (target -0.580000)
      aspect_ratio = 3.5000
      max|f_C|/B^3 per surface  rho=0.25:2.848e-03  rho=0.50:3.479e-03  rho=0.75:5.081e-03  rho=1.00:8.244e-03   global=8.244e-03
      mirror per surface  rho=0.25:0.075  rho=0.50:0.146  rho=0.75:0.216  rho=1.00:0.283   global_max=0.283

--- Multigrid k=1 stage 1/2 qs_bound=0.3 tr_res=5/1, helicity=(1, 0) (QA) ---
Building objective: rotational transform
Precomputing transforms
Timer: Precomputing transforms = 39.2 ms
Building objective: QS two-term normalized
Precomputing transforms
Timer: Precomputing transforms = 83.2 ms
Building objective: aspect ratio
Precomputing transforms
Timer: Precomputing transforms = 38.2 ms
Timer: Objective build = 282 ms
Building objective: force
Precomputing transforms
Timer: Precomputing transforms = 94.9 ms
Timer: Objective build = 105 ms
Timer: Objective build = 2.16 ms
Timer: Eq Update LinearConstraintProjection build = 2.32 sec
Timer: Proximal projection build = 29.2 sec
Building objective: lcfs R
Building objective: lcfs Z
Building objective: fixed pressure
Building objective: fixed current
Building objective: fixed Psi
Timer: Objective build = 262 ms
Timer: LinearConstraintProjection build = 1.80 sec
Number of parameters: 8
Number of objectives: 617
Timer: Initializing the optimization = 33.1 sec

Starting optimization
Using method: proximal-lsq-exact
Solver options:
------------------------------------------------------------
Maximum Function Evaluations       : 501
Maximum Allowed Total Δx Norm      : inf
Scaled Termination                 : True
Trust Region Method                : qr
Initial Trust Radius               : 1.000e+00
Maximum Trust Radius               : 1.000e+00
Minimum Trust Radius               : 2.220e-16
Trust Radius Increase Ratio        : 2.000e+00
Trust Radius Decrease Ratio        : 2.500e-01
Trust Radius Increase Threshold    : 7.500e-01
Trust Radius Decrease Threshold    : 2.500e-01
------------------------------------------------------------ 

   Iteration     Total nfev        Cost      Cost reduction    Step norm     Optimality   
       0              1          4.204e+02                                    3.558e+00   
       1              2          2.808e+02      1.396e+02      1.000e+00      1.177e+02   
       2              4          2.239e+02      5.683e+01      2.500e-01      1.739e+02   
       3              5          1.184e+02      1.055e+02      5.000e-01      8.390e+01   
       4              7          7.903e+01      3.937e+01      2.500e-01      8.620e+01   
       5              8          2.889e+01      5.013e+01      5.000e-01      1.236e+02   
       6             10          1.450e+01      1.439e+01      2.500e-01      4.643e+01   
       7             11          3.670e+00      1.083e+01      5.000e-01      2.693e+02   
       8             13          1.533e+00      2.137e+00      1.557e-01      3.479e+01   
       9             14          8.262e-01      7.073e-01      3.114e-01      1.628e+02   
      10             15          3.461e-01      4.801e-01      3.114e-01      5.492e+01   
      11             16          2.494e-01      9.666e-02      1.973e-01      1.574e+01   
      12             18          2.346e-01      1.487e-02      1.218e-01      2.831e+00   
      13             22          2.286e-01      6.005e-03      1.903e-03      1.254e+00   
      14             45          2.286e-01      0.000e+00      0.000e+00      1.254e+00   
Warning: A bad approximation caused failure to predict improvement.
         Current function value: 2.286e-01
         Total delta_x: 3.854e+00
         Iterations: 14
         Function evaluations: 45
         Jacobian evaluations: 14
Timer: Solution time = 2.07 min
Timer: Avg time per step = 8.28 sec
==============================================================================================================
                                                                 Start  -->   End
Total (sum of squares):                                      4.204e+02  -->   2.286e-01, 
Maximum Rotational transform:                               -6.705e-05  -->  -5.572e-01 (dimensionless)
Minimum Rotational transform:                               -6.970e-05  -->  -5.949e-01 (dimensionless)
Average Rotational transform:                               -6.787e-05  -->  -5.786e-01 (dimensionless)
Maximum Quasi-symmetry (1,0) two-term normalized error:      1.913e-01  -->   4.183e+00 (T^2/m^2)
Minimum Quasi-symmetry (1,0) two-term normalized error:     -1.896e-01  -->  -4.030e+00 (T^2/m^2)
Average Quasi-symmetry (1,0) two-term normalized error:      4.280e-05  -->  -1.317e-02 (T^2/m^2)
Maximum Quasi-symmetry (1,0) two-term normalized error:      1.424e-02  -->   3.115e-01 (normalized)
Minimum Quasi-symmetry (1,0) two-term normalized error:     -1.412e-02  -->  -3.001e-01 (normalized)
Average Quasi-symmetry (1,0) two-term normalized error:      3.187e-06  -->  -9.806e-04 (normalized)
Aspect ratio:                                                3.500e+00  -->   3.383e+00 (dimensionless)
Maximum absolute Force error:                                4.032e+04  -->   2.770e+07 (N)
Minimum absolute Force error:                                7.182e-01  -->   1.954e+03 (N)
Average absolute Force error:                                2.245e+03  -->   2.247e+06 (N)
Maximum absolute Force error:                                6.307e-06  -->   4.334e-03 (normalized)
Minimum absolute Force error:                                1.123e-10  -->   3.056e-07 (normalized)
Average absolute Force error:                                3.512e-07  -->   3.515e-04 (normalized)
R boundary error:                                            2.732e-20  -->   0.000e+00 (m)
Z boundary error:                                            4.337e-19  -->   4.337e-19 (m)
Fixed pressure profile error:                                0.000e+00  -->   0.000e+00 (Pa)
Fixed current profile error:                                 0.000e+00  -->   0.000e+00 (A)
Fixed Psi error:                                             0.000e+00  -->   0.000e+00 (Wb)
==============================================================================================================

    [after k=1 stage 1/2 qs_bound=0.3 tr_res=5/1]
      |F|/F_scale  max=1.428e-03  mean=1.195e-04
      mean(iota)   = -0.581139   (target -0.580000)
      aspect_ratio = 3.3833
      max|f_C|/B^3 per surface  rho=0.25:3.926e-01  rho=0.50:6.855e-01  rho=0.75:1.020e+00  rho=1.00:1.621e+00   global=1.621e+00
      mirror per surface  rho=0.25:0.108  rho=0.50:0.204  rho=0.75:0.290  rho=1.00:0.363   global_max=0.363

--- Multigrid k=1 stage 2/2 qs_bound=0.2 tr_res=5/1, helicity=(1, 0) (QA) ---
Building objective: rotational transform
Precomputing transforms
Timer: Precomputing transforms = 39.6 ms
Building objective: QS two-term normalized
Precomputing transforms
Timer: Precomputing transforms = 84.8 ms
Building objective: aspect ratio
Precomputing transforms
Timer: Precomputing transforms = 38.1 ms
Timer: Objective build = 176 ms
Building objective: force
Precomputing transforms
Timer: Precomputing transforms = 92.2 ms
Timer: Objective build = 102 ms
Timer: Objective build = 2.02 ms
Timer: Eq Update LinearConstraintProjection build = 62.9 ms
Timer: Proximal projection build = 1.12 sec
Building objective: lcfs R
Building objective: lcfs Z
Building objective: fixed pressure
Building objective: fixed current
Building objective: fixed Psi
Timer: Objective build = 118 ms
Timer: LinearConstraintProjection build = 166 ms
Number of parameters: 8
Number of objectives: 617
Timer: Initializing the optimization = 1.59 sec

Starting optimization
Using method: proximal-lsq-exact
Solver options:
------------------------------------------------------------
Maximum Function Evaluations       : 501
Maximum Allowed Total Δx Norm      : inf
Scaled Termination                 : True
Trust Region Method                : qr
Initial Trust Radius               : 1.000e+00
Maximum Trust Radius               : 1.000e+00
Minimum Trust Radius               : 2.220e-16
Trust Radius Increase Ratio        : 2.000e+00
Trust Radius Decrease Ratio        : 2.500e-01
Trust Radius Increase Threshold    : 7.500e-01
Trust Radius Decrease Threshold    : 2.500e-01
------------------------------------------------------------ 

   Iteration     Total nfev        Cost      Cost reduction    Step norm     Optimality   
       0              1          1.671e+04                                    1.738e+05   
       1              2          2.743e+03      1.397e+04      4.010e-01      2.834e+04   
       2              3          5.006e+02      2.242e+03      1.000e+00      4.391e+03   
       3              5          3.352e+02      1.654e+02      2.500e-01      6.533e+02   
       4              6          2.955e+02      3.971e+01      5.000e-01      2.663e+03   
       5              8          2.691e+02      2.638e+01      1.042e-01      2.608e+02   
       6              9          2.626e+02      6.478e+00      2.085e-01      1.108e+03   
       7             10          2.600e+02      2.654e+00      1.927e-01      9.315e+02   
       8             11          2.593e+02      6.385e-01      1.941e-01      1.720e+02   
       9             12          2.583e+02      1.052e+00      4.853e-02      8.785e+01   
      10             13          2.579e+02      4.020e-01      9.706e-02      4.782e+01   
      11             15          2.578e+02      5.200e-02      1.195e-02      1.423e+01   
      12             17          2.578e+02      4.735e-03      2.180e-03      2.562e+01   
      13             22          2.578e+02      1.957e-04      1.703e-05      1.281e+01   
      14             24          2.578e+02      4.230e-04      4.258e-06      1.145e+01   
      15             28          2.578e+02      1.311e-05      1.331e-07      1.140e+01   
      16             30          2.578e+02      6.562e-06      6.653e-08      1.138e+01   
      17             31          2.578e+02      1.316e-05      1.331e-07      1.134e+01   
      18             34          2.578e+02      1.645e-06      1.663e-08      1.134e+01   
      19             36          2.578e+02      8.225e-07      8.317e-09      1.133e+01   
      20             38          2.578e+02      4.113e-07      4.158e-09      1.133e+01   
      21             39          2.578e+02      8.227e-07      8.317e-09      1.133e+01   
      22             43          2.578e+02      2.571e-08      2.599e-10      1.133e+01   
Optimization terminated successfully.
`ftol` condition satisfied. (ftol=1.00e-10)
`xtol` condition satisfied. (xtol=1.00e-10)
         Current function value: 2.578e+02
         Total delta_x: 2.301e+00
         Iterations: 22
         Function evaluations: 43
         Jacobian evaluations: 23
Timer: Solution time = 35.1 sec
Timer: Avg time per step = 1.52 sec
==============================================================================================================
                                                                 Start  -->   End
Total (sum of squares):                                      1.671e+04  -->   2.578e+02, 
Maximum Rotational transform:                               -5.567e-01  -->  -1.805e-01 (dimensionless)
Minimum Rotational transform:                               -5.947e-01  -->  -1.912e-01 (dimensionless)
Average Rotational transform:                               -5.784e-01  -->  -1.843e-01 (dimensionless)
Maximum Quasi-symmetry (1,0) two-term normalized error:      4.183e+00  -->   1.925e+00 (T^2/m^2)
Minimum Quasi-symmetry (1,0) two-term normalized error:     -4.030e+00  -->  -1.184e+00 (T^2/m^2)
Average Quasi-symmetry (1,0) two-term normalized error:     -1.317e-02  -->   4.796e-03 (T^2/m^2)
Maximum Quasi-symmetry (1,0) two-term normalized error:      2.026e+00  -->   9.320e-01 (normalized)
Minimum Quasi-symmetry (1,0) two-term normalized error:     -1.951e+00  -->  -5.733e-01 (normalized)
Average Quasi-symmetry (1,0) two-term normalized error:     -6.378e-03  -->   2.323e-03 (normalized)
Aspect ratio:                                                3.383e+00  -->   3.199e+00 (dimensionless)
Maximum absolute Force error:                                2.770e+07  -->   3.168e+06 (N)
Minimum absolute Force error:                                1.954e+03  -->   6.391e+02 (N)
Average absolute Force error:                                2.247e+06  -->   2.131e+05 (N)
Maximum absolute Force error:                                1.105e-02  -->   1.264e-03 (normalized)
Minimum absolute Force error:                                7.794e-07  -->   2.550e-07 (normalized)
Average absolute Force error:                                8.964e-04  -->   8.502e-05 (normalized)
R boundary error:                                            3.201e-20  -->   0.000e+00 (m)
Z boundary error:                                            4.481e-19  -->   1.358e-20 (m)
Fixed pressure profile error:                                0.000e+00  -->   0.000e+00 (Pa)
Fixed current profile error:                                 0.000e+00  -->   0.000e+00 (A)
Fixed Psi error:                                             0.000e+00  -->   0.000e+00 (Wb)
==============================================================================================================

    [after k=1 stage 2/2 qs_bound=0.2 tr_res=5/1]
      |F|/F_scale  max=6.063e-05  mean=6.534e-06
      mean(iota)   = -0.183748   (target -0.580000)
      aspect_ratio = 3.1987
      max|f_C|/B^3 per surface  rho=0.25:1.920e-02  rho=0.50:4.185e-02  rho=0.75:1.036e-01  rho=1.00:2.678e-01   global=2.678e-01
      mirror per surface  rho=0.25:0.083  rho=0.50:0.166  rho=0.75:0.250  rho=1.00:0.334   global_max=0.334

--- Multigrid k=2 stage 1/2 qs_bound=0.2 tr_res=5/1, helicity=(1, 0) (QA) ---
Building objective: rotational transform
Precomputing transforms
Timer: Precomputing transforms = 44.3 ms
Building objective: QS two-term normalized
Precomputing transforms
Timer: Precomputing transforms = 87.5 ms
Building objective: aspect ratio
Precomputing transforms
Timer: Precomputing transforms = 42.9 ms
Timer: Objective build = 188 ms
Building objective: force
Precomputing transforms
Timer: Precomputing transforms = 100 ms
Timer: Objective build = 110 ms
Timer: Objective build = 2.35 ms
Timer: Eq Update LinearConstraintProjection build = 56.4 ms
Timer: Proximal projection build = 1.04 sec
Building objective: lcfs R
Building objective: lcfs Z
Building objective: fixed pressure
Building objective: fixed current
Building objective: fixed Psi
Timer: Objective build = 410 ms
Timer: LinearConstraintProjection build = 1.83 sec
Number of parameters: 24
Number of objectives: 617
Timer: Initializing the optimization = 3.87 sec

Starting optimization
Using method: proximal-lsq-exact
Solver options:
------------------------------------------------------------
Maximum Function Evaluations       : 501
Maximum Allowed Total Δx Norm      : inf
Scaled Termination                 : True
Trust Region Method                : qr
Initial Trust Radius               : 1.000e+00
Maximum Trust Radius               : inf
Minimum Trust Radius               : 2.220e-16
Trust Radius Increase Ratio        : 2.000e+00
Trust Radius Decrease Ratio        : 2.500e-01
Trust Radius Increase Threshold    : 7.500e-01
Trust Radius Decrease Threshold    : 2.500e-01
------------------------------------------------------------ 

   Iteration     Total nfev        Cost      Cost reduction    Step norm     Optimality   
       0              1          2.095e+02                                    2.655e+02   
       1              3          1.407e+02      6.874e+01      2.483e-01      4.228e+02   
       2              5          1.098e+02      3.099e+01      1.242e-01      2.014e+02   
       3              6          8.497e+01      2.478e+01      2.362e-01      1.614e+03   
       4              7          4.589e+01      3.908e+01      4.387e-01      1.025e+03   
       5              8          2.050e+01      2.539e+01      8.293e-01      1.632e+03   
       6              9          4.825e+00      1.567e+01      5.263e-01      8.655e+02   
       7             10          4.553e+00      2.722e-01      3.732e-01      6.598e+02   
       8             11          6.540e-01      3.899e+00      1.429e-01      1.831e+02   
       9             12          4.442e-02      6.096e-01      1.655e-01      8.500e+00   
      10             17          3.407e-02      1.035e-02      2.314e-03      4.254e+00   
      11             18          2.680e-02      7.274e-03      3.896e-03      3.036e-01   
      12             19          2.135e-02      5.444e-03      7.965e-03      2.893e+00   
      13             20          1.368e-02      7.671e-03      1.521e-02      4.116e-01   
      14             21          6.477e-03      7.202e-03      2.567e-02      5.865e-01   
      15             47          6.477e-03      0.000e+00      0.000e+00      5.865e-01   
Warning: A bad approximation caused failure to predict improvement.
         Current function value: 6.477e-03
         Total delta_x: 2.367e+00
         Iterations: 15
         Function evaluations: 47
         Jacobian evaluations: 15
Timer: Solution time = 1.23 min
Timer: Avg time per step = 4.62 sec
==============================================================================================================
                                                                 Start  -->   End
Total (sum of squares):                                      2.095e+02  -->   6.477e-03, 
Maximum Rotational transform:                               -1.805e-01  -->  -5.762e-01 (dimensionless)
Minimum Rotational transform:                               -1.912e-01  -->  -5.814e-01 (dimensionless)
Average Rotational transform:                               -1.843e-01  -->  -5.796e-01 (dimensionless)
Maximum Quasi-symmetry (1,0) two-term normalized error:      1.925e+00  -->   1.217e+00 (T^2/m^2)
Minimum Quasi-symmetry (1,0) two-term normalized error:     -1.184e+00  -->  -1.204e+00 (T^2/m^2)
Average Quasi-symmetry (1,0) two-term normalized error:      4.796e-03  -->   3.568e-02 (T^2/m^2)
Maximum Quasi-symmetry (1,0) two-term normalized error:      3.347e-01  -->   2.116e-01 (normalized)
Minimum Quasi-symmetry (1,0) two-term normalized error:     -2.059e-01  -->  -2.093e-01 (normalized)
Average Quasi-symmetry (1,0) two-term normalized error:      8.341e-04  -->   6.205e-03 (normalized)
Aspect ratio:                                                3.199e+00  -->   3.300e+00 (dimensionless)
Maximum absolute Force error:                                3.168e+06  -->   2.005e+07 (N)
Minimum absolute Force error:                                6.391e+02  -->   1.201e+03 (N)
Average absolute Force error:                                2.131e+05  -->   1.167e+06 (N)
Maximum absolute Force error:                                7.573e-04  -->   4.794e-03 (normalized)
Minimum absolute Force error:                                1.528e-07  -->   2.870e-07 (normalized)
Average absolute Force error:                                5.095e-05  -->   2.791e-04 (normalized)
R boundary error:                                            1.555e-20  -->   3.388e-21 (m)
Z boundary error:                                            8.731e-22  -->   0.000e+00 (m)
Fixed pressure profile error:                                0.000e+00  -->   0.000e+00 (Pa)
Fixed current profile error:                                 0.000e+00  -->   0.000e+00 (A)
Fixed Psi error:                                             0.000e+00  -->   0.000e+00 (Wb)
==============================================================================================================

    [after k=2 stage 1/2 qs_bound=0.2 tr_res=5/1]
      |F|/F_scale  max=3.992e-04  mean=5.317e-05
      mean(iota)   = -0.579847   (target -0.580000)
      aspect_ratio = 3.2999
      max|f_C|/B^3 per surface  rho=0.25:1.222e-01  rho=0.50:2.450e-01  rho=0.75:3.665e-01  rho=1.00:5.174e-01   global=5.174e-01
      mirror per surface  rho=0.25:0.082  rho=0.50:0.160  rho=0.75:0.231  rho=1.00:0.304   global_max=0.304

--- Multigrid k=3 stage 1/2 qs_bound=0.2 tr_res=5/1, helicity=(1, 0) (QA) ---
Building objective: rotational transform
Precomputing transforms
Timer: Precomputing transforms = 43.4 ms
Building objective: QS two-term normalized
Precomputing transforms
Timer: Precomputing transforms = 89.5 ms
Building objective: aspect ratio
Precomputing transforms
Timer: Precomputing transforms = 40.8 ms
Timer: Objective build = 188 ms
Building objective: force
Precomputing transforms
Timer: Precomputing transforms = 98.3 ms
Timer: Objective build = 109 ms
Timer: Objective build = 2.00 ms
Timer: Eq Update LinearConstraintProjection build = 50.1 ms
Timer: Proximal projection build = 1.06 sec
Building objective: lcfs R
Building objective: lcfs Z
Building objective: fixed pressure
Building objective: fixed current
Building objective: fixed Psi
Timer: Objective build = 287 ms
Timer: LinearConstraintProjection build = 1.87 sec
Number of parameters: 48
Number of objectives: 617
Timer: Initializing the optimization = 3.82 sec

Starting optimization
Using method: proximal-lsq-exact
Solver options:
------------------------------------------------------------
Maximum Function Evaluations       : 501
Maximum Allowed Total Δx Norm      : inf
Scaled Termination                 : True
Trust Region Method                : qr
Initial Trust Radius               : 1.000e+00
Maximum Trust Radius               : inf
Minimum Trust Radius               : 2.220e-16
Trust Radius Increase Ratio        : 2.000e+00
Trust Radius Decrease Ratio        : 2.500e-01
Trust Radius Increase Threshold    : 7.500e-01
Trust Radius Decrease Threshold    : 2.500e-01
------------------------------------------------------------ 

   Iteration     Total nfev        Cost      Cost reduction    Step norm     Optimality   
       0              1          1.023e+03                                    2.068e+04   
       1              2          9.917e+01      9.238e+02      5.717e-01      1.063e+04   
       2              4          3.094e+01      6.823e+01      2.714e-01      6.860e+03   
       3              5          1.253e+01      1.841e+01      3.355e-01      4.303e+03   
       4              7          3.273e+00      9.256e+00      1.305e-01      9.820e+02   
       5              9          7.593e-01      2.513e+00      4.143e-02      4.998e+02   
       6             11          2.582e-01      5.011e-01      3.007e-02      2.540e+02   
       7             13          9.523e-02      1.629e-01      1.224e-02      9.225e+01   
       8             14          4.850e-02      4.672e-02      2.300e-02      1.104e+02   
       9             15          3.972e-02      8.783e-03      2.320e-02      9.660e+01   
      10             16          3.821e-03      3.590e-02      7.090e-03      1.379e+01   
      11             20          3.273e-03      5.481e-04      3.343e-04      6.095e+00   
      12             21          2.168e-03      1.105e-03      2.327e-04      5.990e-01   
      13             22          2.039e-03      1.287e-04      4.679e-04      3.747e-01   
      14             24          1.993e-03      4.610e-05      2.105e-04      1.474e+00   
      15             25          1.919e-03      7.375e-05      1.907e-04      7.778e-02   
      16             27          1.901e-03      1.808e-05      9.855e-05      3.612e-02   
      17             28          1.887e-03      1.424e-05      2.053e-04      1.080e+00   
      18             29          1.851e-03      3.650e-05      1.926e-04      6.260e-01   
      19             30          1.812e-03      3.901e-05      4.172e-04      6.904e-02   
      20             31          1.736e-03      7.524e-05      9.512e-04      1.706e-01   
      21             38          1.736e-03      2.480e-07      8.933e-07      1.597e-01   
      22             39          1.736e-03      3.196e-07      1.787e-06      4.131e-02   
      23             45          1.736e-03      5.844e-10      2.476e-09      4.119e-02   
      24             47          1.736e-03      2.921e-10      1.238e-09      4.114e-02   
      25             48          1.736e-03      5.842e-10      2.474e-09      4.102e-02   
      26             52          1.736e-03      1.825e-11      7.730e-11      4.102e-02   
Optimization terminated successfully.
`xtol` condition satisfied. (xtol=1.00e-10)
         Current function value: 1.736e-03
         Total delta_x: 1.013e+00
         Iterations: 26
         Function evaluations: 52
         Jacobian evaluations: 27
Timer: Solution time = 1.35 min
Timer: Avg time per step = 3.01 sec
==============================================================================================================
                                                                 Start  -->   End
Total (sum of squares):                                      1.023e+03  -->   1.736e-03, 
Maximum Rotational transform:                               -5.762e-01  -->  -5.785e-01 (dimensionless)
Minimum Rotational transform:                               -5.814e-01  -->  -5.814e-01 (dimensionless)
Average Rotational transform:                               -5.796e-01  -->  -5.800e-01 (dimensionless)
Maximum Quasi-symmetry (1,0) two-term normalized error:      1.217e+00  -->   3.799e-01 (T^2/m^2)
Minimum Quasi-symmetry (1,0) two-term normalized error:     -1.204e+00  -->  -3.782e-01 (T^2/m^2)
Average Quasi-symmetry (1,0) two-term normalized error:      3.568e-02  -->   9.011e-03 (T^2/m^2)
Maximum Quasi-symmetry (1,0) two-term normalized error:      6.468e-01  -->   2.019e-01 (normalized)
Minimum Quasi-symmetry (1,0) two-term normalized error:     -6.397e-01  -->  -2.010e-01 (normalized)
Average Quasi-symmetry (1,0) two-term normalized error:      1.897e-02  -->   4.790e-03 (normalized)
Aspect ratio:                                                3.300e+00  -->   3.319e+00 (dimensionless)
Maximum absolute Force error:                                2.005e+07  -->   1.562e+07 (N)
Minimum absolute Force error:                                1.201e+03  -->   1.704e+03 (N)
Average absolute Force error:                                1.167e+06  -->   9.230e+05 (N)
Maximum absolute Force error:                                8.381e-03  -->   6.527e-03 (normalized)
Minimum absolute Force error:                                5.018e-07  -->   7.120e-07 (normalized)
Average absolute Force error:                                4.879e-04  -->   3.858e-04 (normalized)
R boundary error:                                            9.887e-21  -->   4.235e-22 (m)
Z boundary error:                                            4.240e-21  -->   1.894e-21 (m)
Fixed pressure profile error:                                0.000e+00  -->   0.000e+00 (Pa)
Fixed current profile error:                                 0.000e+00  -->   0.000e+00 (A)
Fixed Psi error:                                             0.000e+00  -->   0.000e+00 (Wb)
==============================================================================================================

    [after k=3 stage 1/2 qs_bound=0.2 tr_res=5/1]
      |F|/F_scale  max=2.437e-04  mean=3.146e-05
      mean(iota)   = -0.579681   (target -0.580000)
      aspect_ratio = 3.3187
      max|f_C|/B^3 per surface  rho=0.25:3.579e-02  rho=0.50:7.160e-02  rho=0.75:1.057e-01  rho=1.00:1.445e-01   global=1.445e-01
      mirror per surface  rho=0.25:0.054  rho=0.50:0.108  rho=0.75:0.160  rho=1.00:0.211   global_max=0.211

--- Multigrid k=4 stage 1/2 qs_bound=0.2 tr_res=5/1, helicity=(1, 0) (QA) ---
Building objective: rotational transform
Precomputing transforms
Timer: Precomputing transforms = 44.5 ms
Building objective: QS two-term normalized
Precomputing transforms
Timer: Precomputing transforms = 89.5 ms
Building objective: aspect ratio
Precomputing transforms
Timer: Precomputing transforms = 39.5 ms
Timer: Objective build = 188 ms
Building objective: force
Precomputing transforms
Timer: Precomputing transforms = 96.1 ms
Timer: Objective build = 107 ms
Timer: Objective build = 2.06 ms
Timer: Eq Update LinearConstraintProjection build = 49.7 ms
Timer: Proximal projection build = 1.06 sec
Building objective: lcfs R
Building objective: lcfs Z
Building objective: fixed pressure
Building objective: fixed current
Building objective: fixed Psi
Timer: Objective build = 148 ms
Timer: LinearConstraintProjection build = 1.87 sec
Number of parameters: 80
Number of objectives: 617
Timer: Initializing the optimization = 3.68 sec

Starting optimization
Using method: proximal-lsq-exact
Solver options:
------------------------------------------------------------
Maximum Function Evaluations       : 501
Maximum Allowed Total Δx Norm      : inf
Scaled Termination                 : True
Trust Region Method                : qr
Initial Trust Radius               : 1.000e+00
Maximum Trust Radius               : inf
Minimum Trust Radius               : 2.220e-16
Trust Radius Increase Ratio        : 2.000e+00
Trust Radius Decrease Ratio        : 2.500e-01
Trust Radius Increase Threshold    : 7.500e-01
Trust Radius Decrease Threshold    : 2.500e-01
------------------------------------------------------------ 

   Iteration     Total nfev        Cost      Cost reduction    Step norm     Optimality   
       0              1          1.687e-03                                    5.308e-02   
       1              7          1.592e-03      9.423e-05      6.199e-04      2.928e-02   
       2              8          1.453e-03      1.390e-04      1.196e-03      1.895e-02   
       3             12          1.449e-03      4.572e-06      3.748e-05      1.890e-02   
       4             13          1.441e-03      7.463e-06      7.493e-05      2.968e-01   
       5             14          1.426e-03      1.579e-05      1.344e-04      1.820e-02   
       6             20          1.426e-03      5.237e-08      2.926e-07      1.678e-02   
       7             22          1.426e-03      2.588e-08      1.365e-07      1.549e-02   
       8             24          1.426e-03      1.287e-08      6.756e-08      1.539e-02   
       9             25          1.426e-03      2.561e-08      1.335e-07      1.546e-02   
      10             29          1.426e-03      7.995e-10      4.172e-09      1.546e-02   
      11             32          1.426e-03      9.994e-11      5.215e-10      1.546e-02   
      12             34          1.426e-03      4.996e-11      2.608e-10      1.546e-02   
Optimization terminated successfully.
`xtol` condition satisfied. (xtol=1.00e-10)
         Current function value: 1.426e-03
         Total delta_x: 2.002e-03
         Iterations: 12
         Function evaluations: 34
         Jacobian evaluations: 13
Timer: Solution time = 1.08 min
Timer: Avg time per step = 4.99 sec
==============================================================================================================
                                                                 Start  -->   End
Total (sum of squares):                                      1.687e-03  -->   1.426e-03, 
Maximum Rotational transform:                               -5.785e-01  -->  -5.788e-01 (dimensionless)
Minimum Rotational transform:                               -5.814e-01  -->  -5.814e-01 (dimensionless)
Average Rotational transform:                               -5.800e-01  -->  -5.801e-01 (dimensionless)
Maximum Quasi-symmetry (1,0) two-term normalized error:      3.799e-01  -->   4.206e-01 (T^2/m^2)
Minimum Quasi-symmetry (1,0) two-term normalized error:     -3.782e-01  -->  -4.106e-01 (T^2/m^2)
Average Quasi-symmetry (1,0) two-term normalized error:      9.011e-03  -->   9.201e-03 (T^2/m^2)
Maximum Quasi-symmetry (1,0) two-term normalized error:      1.806e-01  -->   2.000e-01 (normalized)
Minimum Quasi-symmetry (1,0) two-term normalized error:     -1.798e-01  -->  -1.953e-01 (normalized)
Average Quasi-symmetry (1,0) two-term normalized error:      4.285e-03  -->   4.375e-03 (normalized)
Aspect ratio:                                                3.319e+00  -->   3.319e+00 (dimensionless)
Maximum absolute Force error:                                1.562e+07  -->   1.568e+07 (N)
Minimum absolute Force error:                                1.704e+03  -->   9.047e+02 (N)
Average absolute Force error:                                9.230e+05  -->   9.203e+05 (N)
Maximum absolute Force error:                                6.173e-03  -->   6.199e-03 (normalized)
Minimum absolute Force error:                                6.735e-07  -->   3.577e-07 (normalized)
Average absolute Force error:                                3.649e-04  -->   3.638e-04 (normalized)
R boundary error:                                            0.000e+00  -->   0.000e+00 (m)
Z boundary error:                                            0.000e+00  -->   0.000e+00 (m)
Fixed pressure profile error:                                0.000e+00  -->   0.000e+00 (Pa)
Fixed current profile error:                                 0.000e+00  -->   0.000e+00 (A)
Fixed Psi error:                                             0.000e+00  -->   0.000e+00 (Wb)
==============================================================================================================

    [after k=4 stage 1/2 qs_bound=0.2 tr_res=5/1]
      |F|/F_scale  max=2.446e-04  mean=3.135e-05
      mean(iota)   = -0.579799   (target -0.580000)
      aspect_ratio = 3.3194
      max|f_C|/B^3 per surface  rho=0.25:3.996e-02  rho=0.50:7.655e-02  rho=0.75:1.144e-01  rho=1.00:1.560e-01   global=1.560e-01
      mirror per surface  rho=0.25:0.054  rho=0.50:0.108  rho=0.75:0.159  rho=1.00:0.211   global_max=0.211
    [FINAL]
      |F|/F_scale  max=2.446e-04  mean=3.135e-05
      mean(iota)   = -0.579799   (target -0.580000)
      aspect_ratio = 3.3194
      max|f_C|/B^3 per surface  rho=0.25:3.996e-02  rho=0.50:7.655e-02  rho=0.75:1.144e-01  rho=1.00:1.560e-01   global=1.560e-01
      mirror per surface  rho=0.25:0.054  rho=0.50:0.108  rho=0.75:0.159  rho=1.00:0.211   global_max=0.211

FINAL TR (max=1.236e-02, mean=6.218e-04, sumsq=2.439e-04)

Wrote manifest: /pscratch/sd/e/epaul/research/20260313_precise_QA_opt_example/scan_runs/iota_scan62_20260710_nfp2_AR3p5_iota058_noTR_baseline/job_001_nfp2_QA_AR3p5_iota0p58_stab_trw0p0_qsw5p0_pq8_eta40_100it/manifest.json
