GC tracing (task 1 -> s60j2): scan_runs/iota_scan60_20260707_nfp2_AR3p5_iota058_hpsweep/job_002_nfp2_QA_AR3p5_iota0p58_stab_trw10p0_qsw5p0_pq8_eta40_100it
DESC-native GC tracing for job_002_nfp2_QA_AR3p5_iota0p58_stab_trw10p0_qsw5p0_pq8_eta40_100it
  equilibrium : /pscratch/sd/e/epaul/research/20260313_precise_QA_opt_example/scan_runs/iota_scan60_20260707_nfp2_AR3p5_iota058_hpsweep/job_002_nfp2_QA_AR3p5_iota0p58_stab_trw10p0_qsw5p0_pq8_eta40_100it/final.h5
  n_particles : 50000
  tmax        : 0.01
Loading equilibrium...
  NFP=2  L=4  M=4  N=4
Computing f_B (native Boozer transform)...
  f_B max=0.0196  mean=0.0089  edge=0.0196  (8.3s)
Sampling fusion birth distribution...
Initializing particles (computing mu from |B| in chunks)...
Tracing particles...
  Tracing done in 621.6s
Wrote /pscratch/sd/e/epaul/research/20260313_precise_QA_opt_example/scan_runs/iota_scan60_20260707_nfp2_AR3p5_iota058_hpsweep/job_002_nfp2_QA_AR3p5_iota0p58_stab_trw10p0_qsw5p0_pq8_eta40_100it/desc_gc_particles.npz  (per-particle rho0, theta0, zeta0, xi0, mu, B_crit, lost)
Wrote /pscratch/sd/e/epaul/research/20260313_precise_QA_opt_example/scan_runs/iota_scan60_20260707_nfp2_AR3p5_iota058_hpsweep/job_002_nfp2_QA_AR3p5_iota0p58_stab_trw10p0_qsw5p0_pq8_eta40_100it/desc_gc_loss.json
  loss_at_tmax = 0.23%
  loss_at_1ms  = 0.12%
  loss_at_3ms  = 0.16%
  fB_max       = 0.0196
Wrote /pscratch/sd/e/epaul/research/20260313_precise_QA_opt_example/scan_runs/iota_scan60_20260707_nfp2_AR3p5_iota058_hpsweep/job_002_nfp2_QA_AR3p5_iota0p58_stab_trw10p0_qsw5p0_pq8_eta40_100it/desc_gc_loss.png
  B_min=4.343 T  B_max=6.218 T
  Trapped: 18458 / 50000 (36.9%)   lost among trapped: 0.63%
Wrote /pscratch/sd/e/epaul/research/20260313_precise_QA_opt_example/scan_runs/iota_scan60_20260707_nfp2_AR3p5_iota058_hpsweep/job_002_nfp2_QA_AR3p5_iota0p58_stab_trw10p0_qsw5p0_pq8_eta40_100it/desc_gc_Bcrit.png
